
> bitint-platform@1.0.0 build
> tsc && vite build

[36mvite v5.4.21 [32mbuilding for production...[36m[39m
transforming...
[32mΓ£ô[39m 227 modules transformed.
rendering chunks...
computing gzip size...
[2mdist/[22m[32mindex.html                 [39m[1m[2m  0.74 kB[22m[1m[22m[2m Γöé gzip:   0.42 kB[22m
[2mdist/[22m[35massets/index-DPgXbj5e.css  [39m[1m[2m 45.40 kB[22m[1m[22m[2m Γöé gzip:   8.30 kB[22m
[2mdist/[22m[36massets/index-odVjTQQH.js   [39m[1m[2m499.01 kB[22m[1m[22m[2m Γöé gzip: 150.24 kB[22m
[32mΓ£ô built in 6.43s[39m
